// Jest Snapshot v1, https://goo.gl/fbAQLP

exports[`<Logo /> renders <Logo /> 1`] = `
.c0 {
  display: table-cell;
  margin: var(--spacing-none);
  font-weight: 600;
  line-height: 1;
}

.c1 {
  color: var(--near-white);
}

.c1:hover {
  color: var(--white);
}

<h1
  className="c0"
>
  <a
    className="c1"
    onClick={[Function]}
  >
    Page Title
  </a>
</h1>
`;
